---
source: crates/wormhole-cli/tests/utilities.rs
assertion_line: 72
expression: "String::from_utf8_lossy(&completions.stdout)"
---
#compdef wormhole

autoload -U is-at-least

_wormhole() {
    typeset -A opt_args
    typeset -a _arguments_options
    local ret=1

    if is-at-least 5.2; then
        _arguments_options=(-s -S -C)
    else
        _arguments_options=(-s -C)
    fi

    local context curcontext="$curcontext" state line
    _arguments "${_arguments_options[@]}" : \
'--config=[Override the global configuration file]:PATH:_files' \
'--json[Emit stable JSON instead of human-readable output]' \
'(-v --verbose)-q[Suppress nonessential diagnostics]' \
'(-v --verbose)--quiet[Suppress nonessential diagnostics]' \
'*-v[Increase diagnostic verbosity (repeat for trace logging)]' \
'*--verbose[Increase diagnostic verbosity (repeat for trace logging)]' \
'-h[Print help]' \
'--help[Print help]' \
'-V[Print version]' \
'--version[Print version]' \
":: :_wormhole_commands" \
"*::: :->wormhole" \
&& ret=0
    case $state in
    (wormhole)
        words=($line[1] "${words[@]}")
        (( CURRENT += 1 ))
        curcontext="${curcontext%:*:*}:wormhole-command-$line[1]:"
        case $line[1] in
            (http)
_arguments "${_arguments_options[@]}" : \
'*--endpoint=[Add a provider endpoint specification; repeat for multiple URLs]:DRIVER[:QUALIFIER]:_default' \
'--host=[Request a server-owned subdomain label]:HOST:_default' \
'--public-port=[Request a provider-side public TCP port]:PORT:_default' \
'--capture-body-max=[Maximum complete request body retained for inspection]:CAPTURE_BODY_MAX:_default' \
'--buffer=[Buffer up to this many offline requests]:COUNT:_default' \
'--retry=[Configure local delivery retries]:SPEC:_default' \
'(--auth-file)*--auth=[Configure relay-edge authentication]:POLICY:_default' \
'(--auth)--auth-file=[Read relay-edge authentication from a file]:PATH:_files' \
'--remote=[Select a named Wormhole remote]:REMOTE:_default' \
'--name=[Stable service name]:NAME:_default' \
'--config=[Override the global configuration file]:PATH:_files' \
'--persist[Keep the endpoint and reclaim its reservation after restarts]' \
'--no-inspect[Disable request inspection]' \
'--include-assets[Include static assets in request inspection]' \
'--foreground[Run the tunnel manager in this process]' \
'--json[Emit stable JSON instead of human-readable output]' \
'(-v --verbose)-q[Suppress nonessential diagnostics]' \
'(-v --verbose)--quiet[Suppress nonessential diagnostics]' \
'*-v[Increase diagnostic verbosity (repeat for trace logging)]' \
'*--verbose[Increase diagnostic verbosity (repeat for trace logging)]' \
'-h[Print help]' \
'--help[Print help]' \
'-V[Print version]' \
'--version[Print version]' \
':target -- Local target\: PORT, HOST\:PORT, or ALIAS\:PORT:_default' \
&& ret=0
;;
(tcp)
_arguments "${_arguments_options[@]}" : \
'*--endpoint=[Add a provider endpoint specification; repeat for multiple URLs]:DRIVER[:QUALIFIER]:_default' \
'--host=[Request a server-owned subdomain label]:HOST:_default' \
'--public-port=[Request a provider-side public TCP port]:PORT:_default' \
'--capture-body-max=[Maximum complete request body retained for inspection]:CAPTURE_BODY_MAX:_default' \
'--buffer=[Buffer up to this many offline requests]:COUNT:_default' \
'--retry=[Configure local delivery retries]:SPEC:_default' \
'(--auth-file)*--auth=[Configure relay-edge authentication]:POLICY:_default' \
'(--auth)--auth-file=[Read relay-edge authentication from a file]:PATH:_files' \
'--remote=[Select a named Wormhole remote]:REMOTE:_default' \
'--name=[Stable service name]:NAME:_default' \
'--config=[Override the global configuration file]:PATH:_files' \
'--persist[Keep the endpoint and reclaim its reservation after restarts]' \
'--no-inspect[Disable request inspection]' \
'--include-assets[Include static assets in request inspection]' \
'--foreground[Run the tunnel manager in this process]' \
'--json[Emit stable JSON instead of human-readable output]' \
'(-v --verbose)-q[Suppress nonessential diagnostics]' \
'(-v --verbose)--quiet[Suppress nonessential diagnostics]' \
'*-v[Increase diagnostic verbosity (repeat for trace logging)]' \
'*--verbose[Increase diagnostic verbosity (repeat for trace logging)]' \
'-h[Print help]' \
'--help[Print help]' \
'-V[Print version]' \
'--version[Print version]' \
':target -- Local target\: PORT, HOST\:PORT, or ALIAS\:PORT:_default' \
&& ret=0
;;
(run)
_arguments "${_arguments_options[@]}" : \
'--app-port=[Expected application port; skips automatic allocation]:APP_PORT:_default' \
'*--endpoint=[Add a provider endpoint specification; repeat for multiple URLs]:DRIVER[:QUALIFIER]:_default' \
'--host=[Request a server-owned subdomain label]:HOST:_default' \
'--public-port=[Request a provider-side public TCP port]:PORT:_default' \
'--capture-body-max=[Maximum complete request body retained for inspection]:CAPTURE_BODY_MAX:_default' \
'--buffer=[Buffer up to this many offline requests]:COUNT:_default' \
'--retry=[Configure local delivery retries]:SPEC:_default' \
'(--auth-file)*--auth=[Configure relay-edge authentication]:POLICY:_default' \
'(--auth)--auth-file=[Read relay-edge authentication from a file]:PATH:_files' \
'--remote=[Select a named Wormhole remote]:REMOTE:_default' \
'--name=[Stable service name]:NAME:_default' \
'--config=[Override the global configuration file]:PATH:_files' \
'--persist[Keep the endpoint and reclaim its reservation after restarts]' \
'--no-inspect[Disable request inspection]' \
'--include-assets[Include static assets in request inspection]' \
'--foreground[Run the tunnel manager in this process]' \
'--json[Emit stable JSON instead of human-readable output]' \
'(-v --verbose)-q[Suppress nonessential diagnostics]' \
'(-v --verbose)--quiet[Suppress nonessential diagnostics]' \
'*-v[Increase diagnostic verbosity (repeat for trace logging)]' \
'*--verbose[Increase diagnostic verbosity (repeat for trace logging)]' \
'-h[Print help]' \
'--help[Print help]' \
'-V[Print version]' \
'--version[Print version]' \
'*::command -- Command and arguments to run:_default' \
&& ret=0
;;
(up)
_arguments "${_arguments_options[@]}" : \
'--config=[Override the global configuration file]:PATH:_files' \
'--json[Emit stable JSON instead of human-readable output]' \
'(-v --verbose)-q[Suppress nonessential diagnostics]' \
'(-v --verbose)--quiet[Suppress nonessential diagnostics]' \
'*-v[Increase diagnostic verbosity (repeat for trace logging)]' \
'*--verbose[Increase diagnostic verbosity (repeat for trace logging)]' \
'-h[Print help]' \
'--help[Print help]' \
'-V[Print version]' \
'--version[Print version]' \
'*::services -- Service names; omitted means every project service:_default' \
&& ret=0
;;
(down)
_arguments "${_arguments_options[@]}" : \
'--config=[Override the global configuration file]:PATH:_files' \
'--forget[Also delete server-side persistent reservations]' \
'--json[Emit stable JSON instead of human-readable output]' \
'(-v --verbose)-q[Suppress nonessential diagnostics]' \
'(-v --verbose)--quiet[Suppress nonessential diagnostics]' \
'*-v[Increase diagnostic verbosity (repeat for trace logging)]' \
'*--verbose[Increase diagnostic verbosity (repeat for trace logging)]' \
'-h[Print help]' \
'--help[Print help]' \
'-V[Print version]' \
'--version[Print version]' \
'*::targets -- Service names or endpoint identifiers:_default' \
&& ret=0
;;
(ls)
_arguments "${_arguments_options[@]}" : \
'--config=[Override the global configuration file]:PATH:_files' \
'--watch[Continuously wait for endpoint changes]' \
'--json[Emit stable JSON instead of human-readable output]' \
'(-v --verbose)-q[Suppress nonessential diagnostics]' \
'(-v --verbose)--quiet[Suppress nonessential diagnostics]' \
'*-v[Increase diagnostic verbosity (repeat for trace logging)]' \
'*--verbose[Increase diagnostic verbosity (repeat for trace logging)]' \
'-h[Print help]' \
'--help[Print help]' \
'-V[Print version]' \
'--version[Print version]' \
&& ret=0
;;
(status)
_arguments "${_arguments_options[@]}" : \
'--config=[Override the global configuration file]:PATH:_files' \
'--json[Emit stable JSON instead of human-readable output]' \
'(-v --verbose)-q[Suppress nonessential diagnostics]' \
'(-v --verbose)--quiet[Suppress nonessential diagnostics]' \
'*-v[Increase diagnostic verbosity (repeat for trace logging)]' \
'*--verbose[Increase diagnostic verbosity (repeat for trace logging)]' \
'-h[Print help]' \
'--help[Print help]' \
'-V[Print version]' \
'--version[Print version]' \
&& ret=0
;;
(inspect)
_arguments "${_arguments_options[@]}" : \
'--config=[Override the global configuration file]:PATH:_files' \
'--json[Emit stable JSON instead of human-readable output]' \
'(-v --verbose)-q[Suppress nonessential diagnostics]' \
'(-v --verbose)--quiet[Suppress nonessential diagnostics]' \
'*-v[Increase diagnostic verbosity (repeat for trace logging)]' \
'*--verbose[Increase diagnostic verbosity (repeat for trace logging)]' \
'-h[Print help]' \
'--help[Print help]' \
'-V[Print version]' \
'--version[Print version]' \
':request_id:_default' \
&& ret=0
;;
(requests)
_arguments "${_arguments_options[@]}" : \
'--endpoint=[Restrict captures to one endpoint]:ENDPOINT:_default' \
'--config=[Override the global configuration file]:PATH:_files' \
'--follow[Follow newly captured requests]' \
'--json[Emit stable JSON instead of human-readable output]' \
'(-v --verbose)-q[Suppress nonessential diagnostics]' \
'(-v --verbose)--quiet[Suppress nonessential diagnostics]' \
'*-v[Increase diagnostic verbosity (repeat for trace logging)]' \
'*--verbose[Increase diagnostic verbosity (repeat for trace logging)]' \
'-h[Print help]' \
'--help[Print help]' \
'-V[Print version]' \
'--version[Print version]' \
":: :_wormhole__subcmd__requests_commands" \
"*::: :->requests" \
&& ret=0

    case $state in
    (requests)
        words=($line[1] "${words[@]}")
        (( CURRENT += 1 ))
        curcontext="${curcontext%:*:*}:wormhole-requests-command-$line[1]:"
        case $line[1] in
            (clear)
_arguments "${_arguments_options[@]}" : \
'--config=[Override the global configuration file]:PATH:_files' \
'--json[Emit stable JSON instead of human-readable output]' \
'(-v --verbose)-q[Suppress nonessential diagnostics]' \
'(-v --verbose)--quiet[Suppress nonessential diagnostics]' \
'*-v[Increase diagnostic verbosity (repeat for trace logging)]' \
'*--verbose[Increase diagnostic verbosity (repeat for trace logging)]' \
'-h[Print help]' \
'--help[Print help]' \
'-V[Print version]' \
'--version[Print version]' \
&& ret=0
;;
(help)
_arguments "${_arguments_options[@]}" : \
":: :_wormhole__subcmd__requests__subcmd__help_commands" \
"*::: :->help" \
&& ret=0

    case $state in
    (help)
        words=($line[1] "${words[@]}")
        (( CURRENT += 1 ))
        curcontext="${curcontext%:*:*}:wormhole-requests-help-command-$line[1]:"
        case $line[1] in
            (clear)
_arguments "${_arguments_options[@]}" : \
&& ret=0
;;
(help)
_arguments "${_arguments_options[@]}" : \
&& ret=0
;;
        esac
    ;;
esac
;;
        esac
    ;;
esac
;;
(replay)
_arguments "${_arguments_options[@]}" : \
'--config=[Override the global configuration file]:PATH:_files' \
'--json[Emit stable JSON instead of human-readable output]' \
'(-v --verbose)-q[Suppress nonessential diagnostics]' \
'(-v --verbose)--quiet[Suppress nonessential diagnostics]' \
'*-v[Increase diagnostic verbosity (repeat for trace logging)]' \
'*--verbose[Increase diagnostic verbosity (repeat for trace logging)]' \
'-h[Print help]' \
'--help[Print help]' \
'-V[Print version]' \
'--version[Print version]' \
':request_id:_default' \
&& ret=0
;;
(interfaces)
_arguments "${_arguments_options[@]}" : \
'--config=[Override the global configuration file]:PATH:_files' \
'--json[Emit stable JSON instead of human-readable output]' \
'(-v --verbose)-q[Suppress nonessential diagnostics]' \
'(-v --verbose)--quiet[Suppress nonessential diagnostics]' \
'*-v[Increase diagnostic verbosity (repeat for trace logging)]' \
'*--verbose[Increase diagnostic verbosity (repeat for trace logging)]' \
'-h[Print help]' \
'--help[Print help]' \
'-V[Print version]' \
'--version[Print version]' \
&& ret=0
;;
(domains)
_arguments "${_arguments_options[@]}" : \
'--config=[Override the global configuration file]:PATH:_files' \
'--json[Emit stable JSON instead of human-readable output]' \
'(-v --verbose)-q[Suppress nonessential diagnostics]' \
'(-v --verbose)--quiet[Suppress nonessential diagnostics]' \
'*-v[Increase diagnostic verbosity (repeat for trace logging)]' \
'*--verbose[Increase diagnostic verbosity (repeat for trace logging)]' \
'-h[Print help]' \
'--help[Print help]' \
'-V[Print version]' \
'--version[Print version]' \
&& ret=0
;;
(relay)
_arguments "${_arguments_options[@]}" : \
'--config=[Override the global configuration file]:PATH:_files' \
'--json[Emit stable JSON instead of human-readable output]' \
'(-v --verbose)-q[Suppress nonessential diagnostics]' \
'(-v --verbose)--quiet[Suppress nonessential diagnostics]' \
'*-v[Increase diagnostic verbosity (repeat for trace logging)]' \
'*--verbose[Increase diagnostic verbosity (repeat for trace logging)]' \
'-h[Print help]' \
'--help[Print help]' \
'-V[Print version]' \
'--version[Print version]' \
":: :_wormhole__subcmd__relay_commands" \
"*::: :->relay" \
&& ret=0

    case $state in
    (relay)
        words=($line[1] "${words[@]}")
        (( CURRENT += 1 ))
        curcontext="${curcontext%:*:*}:wormhole-relay-command-$line[1]:"
        case $line[1] in
            (deploy)
_arguments "${_arguments_options[@]}" : \
'--config=[Override the global configuration file]:PATH:_files' \
'--json[Emit stable JSON instead of human-readable output]' \
'(-v --verbose)-q[Suppress nonessential diagnostics]' \
'(-v --verbose)--quiet[Suppress nonessential diagnostics]' \
'*-v[Increase diagnostic verbosity (repeat for trace logging)]' \
'*--verbose[Increase diagnostic verbosity (repeat for trace logging)]' \
'-h[Print help]' \
'--help[Print help]' \
'-V[Print version]' \
'--version[Print version]' \
":: :_wormhole__subcmd__relay__subcmd__deploy_commands" \
"*::: :->deploy" \
&& ret=0

    case $state in
    (deploy)
        words=($line[1] "${words[@]}")
        (( CURRENT += 1 ))
        curcontext="${curcontext%:*:*}:wormhole-relay-deploy-command-$line[1]:"
        case $line[1] in
            (cloudflare)
_arguments "${_arguments_options[@]}" : \
'--domain=[Relay apex, for example relay.example.com]:DOMAIN:_default' \
'--relay-domain=[Relay control hostname; defaults to relay.<DOMAIN>]:HOSTNAME:_default' \
'--worker-name=[Cloudflare Worker name; generated from the domain when omitted]:WORKER_NAME:_default' \
'--remote-name=[Name shown in the generated client onboarding command]:REMOTE_NAME:_default' \
'--bundle=[Use an unpacked Worker release bundle instead of downloading one]:DIRECTORY:_files' \
'--config=[Override the global configuration file]:PATH:_files' \
'--manual-dns[Reuse manually configured DNS and authenticate through Wrangler OAuth]' \
'--dry-run[Validate and print the deployment plan without Cloudflare mutations]' \
'-y[Accept the deployment plan without an interactive confirmation]' \
'--yes[Accept the deployment plan without an interactive confirmation]' \
'--json[Emit stable JSON instead of human-readable output]' \
'(-v --verbose)-q[Suppress nonessential diagnostics]' \
'(-v --verbose)--quiet[Suppress nonessential diagnostics]' \
'*-v[Increase diagnostic verbosity (repeat for trace logging)]' \
'*--verbose[Increase diagnostic verbosity (repeat for trace logging)]' \
'-h[Print help]' \
'--help[Print help]' \
'-V[Print version]' \
'--version[Print version]' \
&& ret=0
;;
(help)
_arguments "${_arguments_options[@]}" : \
":: :_wormhole__subcmd__relay__subcmd__deploy__subcmd__help_commands" \
"*::: :->help" \
&& ret=0

    case $state in
    (help)
        words=($line[1] "${words[@]}")
        (( CURRENT += 1 ))
        curcontext="${curcontext%:*:*}:wormhole-relay-deploy-help-command-$line[1]:"
        case $line[1] in
            (cloudflare)
_arguments "${_arguments_options[@]}" : \
&& ret=0
;;
(help)
_arguments "${_arguments_options[@]}" : \
&& ret=0
;;
        esac
    ;;
esac
;;
        esac
    ;;
esac
;;
(help)
_arguments "${_arguments_options[@]}" : \
":: :_wormhole__subcmd__relay__subcmd__help_commands" \
"*::: :->help" \
&& ret=0

    case $state in
    (help)
        words=($line[1] "${words[@]}")
        (( CURRENT += 1 ))
        curcontext="${curcontext%:*:*}:wormhole-relay-help-command-$line[1]:"
        case $line[1] in
            (deploy)
_arguments "${_arguments_options[@]}" : \
":: :_wormhole__subcmd__relay__subcmd__help__subcmd__deploy_commands" \
"*::: :->deploy" \
&& ret=0

    case $state in
    (deploy)
        words=($line[1] "${words[@]}")
        (( CURRENT += 1 ))
        curcontext="${curcontext%:*:*}:wormhole-relay-help-deploy-command-$line[1]:"
        case $line[1] in
            (cloudflare)
_arguments "${_arguments_options[@]}" : \
&& ret=0
;;
        esac
    ;;
esac
;;
(help)
_arguments "${_arguments_options[@]}" : \
&& ret=0
;;
        esac
    ;;
esac
;;
        esac
    ;;
esac
;;
(remote)
_arguments "${_arguments_options[@]}" : \
'--config=[Override the global configuration file]:PATH:_files' \
'--json[Emit stable JSON instead of human-readable output]' \
'(-v --verbose)-q[Suppress nonessential diagnostics]' \
'(-v --verbose)--quiet[Suppress nonessential diagnostics]' \
'*-v[Increase diagnostic verbosity (repeat for trace logging)]' \
'*--verbose[Increase diagnostic verbosity (repeat for trace logging)]' \
'-h[Print help]' \
'--help[Print help]' \
'-V[Print version]' \
'--version[Print version]' \
":: :_wormhole__subcmd__remote_commands" \
"*::: :->remote" \
&& ret=0

    case $state in
    (remote)
        words=($line[1] "${words[@]}")
        (( CURRENT += 1 ))
        curcontext="${curcontext%:*:*}:wormhole-remote-command-$line[1]:"
        case $line[1] in
            (add)
_arguments "${_arguments_options[@]}" : \
'--identity=[]:IDENTITY:_files' \
'--invite=[Transient server-issued enrollment token (never persisted)]:INVITE:_default' \
'--config=[Override the global configuration file]:PATH:_files' \
'--json[Emit stable JSON instead of human-readable output]' \
'(-v --verbose)-q[Suppress nonessential diagnostics]' \
'(-v --verbose)--quiet[Suppress nonessential diagnostics]' \
'*-v[Increase diagnostic verbosity (repeat for trace logging)]' \
'*--verbose[Increase diagnostic verbosity (repeat for trace logging)]' \
'-h[Print help]' \
'--help[Print help]' \
'-V[Print version]' \
'--version[Print version]' \
'::name:_default' \
'::addr:_default' \
&& ret=0
;;
(ls)
_arguments "${_arguments_options[@]}" : \
'--config=[Override the global configuration file]:PATH:_files' \
'--json[Emit stable JSON instead of human-readable output]' \
'(-v --verbose)-q[Suppress nonessential diagnostics]' \
'(-v --verbose)--quiet[Suppress nonessential diagnostics]' \
'*-v[Increase diagnostic verbosity (repeat for trace logging)]' \
'*--verbose[Increase diagnostic verbosity (repeat for trace logging)]' \
'-h[Print help]' \
'--help[Print help]' \
'-V[Print version]' \
'--version[Print version]' \
&& ret=0
;;
(rm)
_arguments "${_arguments_options[@]}" : \
'--config=[Override the global configuration file]:PATH:_files' \
'--json[Emit stable JSON instead of human-readable output]' \
'(-v --verbose)-q[Suppress nonessential diagnostics]' \
'(-v --verbose)--quiet[Suppress nonessential diagnostics]' \
'*-v[Increase diagnostic verbosity (repeat for trace logging)]' \
'*--verbose[Increase diagnostic verbosity (repeat for trace logging)]' \
'-h[Print help]' \
'--help[Print help]' \
'-V[Print version]' \
'--version[Print version]' \
':name:_default' \
&& ret=0
;;
(test)
_arguments "${_arguments_options[@]}" : \
'--config=[Override the global configuration file]:PATH:_files' \
'--json[Emit stable JSON instead of human-readable output]' \
'(-v --verbose)-q[Suppress nonessential diagnostics]' \
'(-v --verbose)--quiet[Suppress nonessential diagnostics]' \
'*-v[Increase diagnostic verbosity (repeat for trace logging)]' \
'*--verbose[Increase diagnostic verbosity (repeat for trace logging)]' \
'-h[Print help]' \
'--help[Print help]' \
'-V[Print version]' \
'--version[Print version]' \
':name:_default' \
&& ret=0
;;
(help)
_arguments "${_arguments_options[@]}" : \
":: :_wormhole__subcmd__remote__subcmd__help_commands" \
"*::: :->help" \
&& ret=0

    case $state in
    (help)
        words=($line[1] "${words[@]}")
        (( CURRENT += 1 ))
        curcontext="${curcontext%:*:*}:wormhole-remote-help-command-$line[1]:"
        case $line[1] in
            (add)
_arguments "${_arguments_options[@]}" : \
&& ret=0
;;
(ls)
_arguments "${_arguments_options[@]}" : \
&& ret=0
;;
(rm)
_arguments "${_arguments_options[@]}" : \
&& ret=0
;;
(test)
_arguments "${_arguments_options[@]}" : \
&& ret=0
;;
(help)
_arguments "${_arguments_options[@]}" : \
&& ret=0
;;
        esac
    ;;
esac
;;
        esac
    ;;
esac
;;
(key)
_arguments "${_arguments_options[@]}" : \
'--config=[Override the global configuration file]:PATH:_files' \
'--json[Emit stable JSON instead of human-readable output]' \
'(-v --verbose)-q[Suppress nonessential diagnostics]' \
'(-v --verbose)--quiet[Suppress nonessential diagnostics]' \
'*-v[Increase diagnostic verbosity (repeat for trace logging)]' \
'*--verbose[Increase diagnostic verbosity (repeat for trace logging)]' \
'-h[Print help]' \
'--help[Print help]' \
'-V[Print version]' \
'--version[Print version]' \
":: :_wormhole__subcmd__key_commands" \
"*::: :->key" \
&& ret=0

    case $state in
    (key)
        words=($line[1] "${words[@]}")
        (( CURRENT += 1 ))
        curcontext="${curcontext%:*:*}:wormhole-key-command-$line[1]:"
        case $line[1] in
            (show)
_arguments "${_arguments_options[@]}" : \
'--config=[Override the global configuration file]:PATH:_files' \
'--json[Emit stable JSON instead of human-readable output]' \
'(-v --verbose)-q[Suppress nonessential diagnostics]' \
'(-v --verbose)--quiet[Suppress nonessential diagnostics]' \
'*-v[Increase diagnostic verbosity (repeat for trace logging)]' \
'*--verbose[Increase diagnostic verbosity (repeat for trace logging)]' \
'-h[Print help]' \
'--help[Print help]' \
'-V[Print version]' \
'--version[Print version]' \
&& ret=0
;;
(rotate)
_arguments "${_arguments_options[@]}" : \
'--config=[Override the global configuration file]:PATH:_files' \
'--json[Emit stable JSON instead of human-readable output]' \
'(-v --verbose)-q[Suppress nonessential diagnostics]' \
'(-v --verbose)--quiet[Suppress nonessential diagnostics]' \
'*-v[Increase diagnostic verbosity (repeat for trace logging)]' \
'*--verbose[Increase diagnostic verbosity (repeat for trace logging)]' \
'-h[Print help]' \
'--help[Print help]' \
'-V[Print version]' \
'--version[Print version]' \
&& ret=0
;;
(help)
_arguments "${_arguments_options[@]}" : \
":: :_wormhole__subcmd__key__subcmd__help_commands" \
"*::: :->help" \
&& ret=0

    case $state in
    (help)
        words=($line[1] "${words[@]}")
        (( CURRENT += 1 ))
        curcontext="${curcontext%:*:*}:wormhole-key-help-command-$line[1]:"
        case $line[1] in
            (show)
_arguments "${_arguments_options[@]}" : \
&& ret=0
;;
(rotate)
_arguments "${_arguments_options[@]}" : \
&& ret=0
;;
(help)
_arguments "${_arguments_options[@]}" : \
&& ret=0
;;
        esac
    ;;
esac
;;
        esac
    ;;
esac
;;
(doctor)
_arguments "${_arguments_options[@]}" : \
'--config=[Override the global configuration file]:PATH:_files' \
'--json[Emit stable JSON instead of human-readable output]' \
'(-v --verbose)-q[Suppress nonessential diagnostics]' \
'(-v --verbose)--quiet[Suppress nonessential diagnostics]' \
'*-v[Increase diagnostic verbosity (repeat for trace logging)]' \
'*--verbose[Increase diagnostic verbosity (repeat for trace logging)]' \
'-h[Print help]' \
'--help[Print help]' \
'-V[Print version]' \
'--version[Print version]' \
&& ret=0
;;
(local)
_arguments "${_arguments_options[@]}" : \
'--config=[Override the global configuration file]:PATH:_files' \
'--json[Emit stable JSON instead of human-readable output]' \
'(-v --verbose)-q[Suppress nonessential diagnostics]' \
'(-v --verbose)--quiet[Suppress nonessential diagnostics]' \
'*-v[Increase diagnostic verbosity (repeat for trace logging)]' \
'*--verbose[Increase diagnostic verbosity (repeat for trace logging)]' \
'-h[Print help]' \
'--help[Print help]' \
'-V[Print version]' \
'--version[Print version]' \
":: :_wormhole__subcmd__local_commands" \
"*::: :->local" \
&& ret=0

    case $state in
    (local)
        words=($line[1] "${words[@]}")
        (( CURRENT += 1 ))
        curcontext="${curcontext%:*:*}:wormhole-local-command-$line[1]:"
        case $line[1] in
            (trust)
_arguments "${_arguments_options[@]}" : \
'--config=[Override the global configuration file]:PATH:_files' \
'-y[Apply without an interactive confirmation]' \
'--yes[Apply without an interactive confirmation]' \
'--json[Emit stable JSON instead of human-readable output]' \
'(-v --verbose)-q[Suppress nonessential diagnostics]' \
'(-v --verbose)--quiet[Suppress nonessential diagnostics]' \
'*-v[Increase diagnostic verbosity (repeat for trace logging)]' \
'*--verbose[Increase diagnostic verbosity (repeat for trace logging)]' \
'-h[Print help]' \
'--help[Print help]' \
'-V[Print version]' \
'--version[Print version]' \
&& ret=0
;;
(untrust)
_arguments "${_arguments_options[@]}" : \
'--config=[Override the global configuration file]:PATH:_files' \
'-y[Apply without an interactive confirmation]' \
'--yes[Apply without an interactive confirmation]' \
'--json[Emit stable JSON instead of human-readable output]' \
'(-v --verbose)-q[Suppress nonessential diagnostics]' \
'(-v --verbose)--quiet[Suppress nonessential diagnostics]' \
'*-v[Increase diagnostic verbosity (repeat for trace logging)]' \
'*--verbose[Increase diagnostic verbosity (repeat for trace logging)]' \
'-h[Print help]' \
'--help[Print help]' \
'-V[Print version]' \
'--version[Print version]' \
&& ret=0
;;
(hosts)
_arguments "${_arguments_options[@]}" : \
'--config=[Override the global configuration file]:PATH:_files' \
'--json[Emit stable JSON instead of human-readable output]' \
'(-v --verbose)-q[Suppress nonessential diagnostics]' \
'(-v --verbose)--quiet[Suppress nonessential diagnostics]' \
'*-v[Increase diagnostic verbosity (repeat for trace logging)]' \
'*--verbose[Increase diagnostic verbosity (repeat for trace logging)]' \
'-h[Print help]' \
'--help[Print help]' \
'-V[Print version]' \
'--version[Print version]' \
":: :_wormhole__subcmd__local__subcmd__hosts_commands" \
"*::: :->hosts" \
&& ret=0

    case $state in
    (hosts)
        words=($line[1] "${words[@]}")
        (( CURRENT += 1 ))
        curcontext="${curcontext%:*:*}:wormhole-local-hosts-command-$line[1]:"
        case $line[1] in
            (sync)
_arguments "${_arguments_options[@]}" : \
'--config=[Override the global configuration file]:PATH:_files' \
'-y[Apply without an interactive confirmation]' \
'--yes[Apply without an interactive confirmation]' \
'--json[Emit stable JSON instead of human-readable output]' \
'(-v --verbose)-q[Suppress nonessential diagnostics]' \
'(-v --verbose)--quiet[Suppress nonessential diagnostics]' \
'*-v[Increase diagnostic verbosity (repeat for trace logging)]' \
'*--verbose[Increase diagnostic verbosity (repeat for trace logging)]' \
'-h[Print help]' \
'--help[Print help]' \
'-V[Print version]' \
'--version[Print version]' \
'*::hostnames:_default' \
&& ret=0
;;
(clear)
_arguments "${_arguments_options[@]}" : \
'--config=[Override the global configuration file]:PATH:_files' \
'-y[Apply without an interactive confirmation]' \
'--yes[Apply without an interactive confirmation]' \
'--json[Emit stable JSON instead of human-readable output]' \
'(-v --verbose)-q[Suppress nonessential diagnostics]' \
'(-v --verbose)--quiet[Suppress nonessential diagnostics]' \
'*-v[Increase diagnostic verbosity (repeat for trace logging)]' \
'*--verbose[Increase diagnostic verbosity (repeat for trace logging)]' \
'-h[Print help]' \
'--help[Print help]' \
'-V[Print version]' \
'--version[Print version]' \
&& ret=0
;;
(help)
_arguments "${_arguments_options[@]}" : \
":: :_wormhole__subcmd__local__subcmd__hosts__subcmd__help_commands" \
"*::: :->help" \
&& ret=0

    case $state in
    (help)
        words=($line[1] "${words[@]}")
        (( CURRENT += 1 ))
        curcontext="${curcontext%:*:*}:wormhole-local-hosts-help-command-$line[1]:"
        case $line[1] in
            (sync)
_arguments "${_arguments_options[@]}" : \
&& ret=0
;;
(clear)
_arguments "${_arguments_options[@]}" : \
&& ret=0
;;
(help)
_arguments "${_arguments_options[@]}" : \
&& ret=0
;;
        esac
    ;;
esac
;;
        esac
    ;;
esac
;;
(elevate)
_arguments "${_arguments_options[@]}" : \
'--config=[Override the global configuration file]:PATH:_files' \
'-y[Apply without an interactive confirmation]' \
'--yes[Apply without an interactive confirmation]' \
'--json[Emit stable JSON instead of human-readable output]' \
'(-v --verbose)-q[Suppress nonessential diagnostics]' \
'(-v --verbose)--quiet[Suppress nonessential diagnostics]' \
'*-v[Increase diagnostic verbosity (repeat for trace logging)]' \
'*--verbose[Increase diagnostic verbosity (repeat for trace logging)]' \
'-h[Print help]' \
'--help[Print help]' \
'-V[Print version]' \
'--version[Print version]' \
&& ret=0
;;
(privileged-forward)
_arguments "${_arguments_options[@]}" : \
'--clear-target=[]:CLEAR_TARGET:_default' \
'--tls-target=[]:TLS_TARGET:_default' \
'--config=[Override the global configuration file]:PATH:_files' \
'--json[Emit stable JSON instead of human-readable output]' \
'(-v --verbose)-q[Suppress nonessential diagnostics]' \
'(-v --verbose)--quiet[Suppress nonessential diagnostics]' \
'*-v[Increase diagnostic verbosity (repeat for trace logging)]' \
'*--verbose[Increase diagnostic verbosity (repeat for trace logging)]' \
'-h[Print help]' \
'--help[Print help]' \
'-V[Print version]' \
'--version[Print version]' \
&& ret=0
;;
(help)
_arguments "${_arguments_options[@]}" : \
":: :_wormhole__subcmd__local__subcmd__help_commands" \
"*::: :->help" \
&& ret=0

    case $state in
    (help)
        words=($line[1] "${words[@]}")
        (( CURRENT += 1 ))
        curcontext="${curcontext%:*:*}:wormhole-local-help-command-$line[1]:"
        case $line[1] in
            (trust)
_arguments "${_arguments_options[@]}" : \
&& ret=0
;;
(untrust)
_arguments "${_arguments_options[@]}" : \
&& ret=0
;;
(hosts)
_arguments "${_arguments_options[@]}" : \
":: :_wormhole__subcmd__local__subcmd__help__subcmd__hosts_commands" \
"*::: :->hosts" \
&& ret=0

    case $state in
    (hosts)
        words=($line[1] "${words[@]}")
        (( CURRENT += 1 ))
        curcontext="${curcontext%:*:*}:wormhole-local-help-hosts-command-$line[1]:"
        case $line[1] in
            (sync)
_arguments "${_arguments_options[@]}" : \
&& ret=0
;;
(clear)
_arguments "${_arguments_options[@]}" : \
&& ret=0
;;
        esac
    ;;
esac
;;
(elevate)
_arguments "${_arguments_options[@]}" : \
&& ret=0
;;
(privileged-forward)
_arguments "${_arguments_options[@]}" : \
&& ret=0
;;
(help)
_arguments "${_arguments_options[@]}" : \
&& ret=0
;;
        esac
    ;;
esac
;;
        esac
    ;;
esac
;;
(daemon)
_arguments "${_arguments_options[@]}" : \
'--config=[Override the global configuration file]:PATH:_files' \
'--json[Emit stable JSON instead of human-readable output]' \
'(-v --verbose)-q[Suppress nonessential diagnostics]' \
'(-v --verbose)--quiet[Suppress nonessential diagnostics]' \
'*-v[Increase diagnostic verbosity (repeat for trace logging)]' \
'*--verbose[Increase diagnostic verbosity (repeat for trace logging)]' \
'-h[Print help]' \
'--help[Print help]' \
'-V[Print version]' \
'--version[Print version]' \
":: :_wormhole__subcmd__daemon_commands" \
"*::: :->daemon" \
&& ret=0

    case $state in
    (daemon)
        words=($line[1] "${words[@]}")
        (( CURRENT += 1 ))
        curcontext="${curcontext%:*:*}:wormhole-daemon-command-$line[1]:"
        case $line[1] in
            (run)
_arguments "${_arguments_options[@]}" : \
'--config=[Override the global configuration file]:PATH:_files' \
'--detach[Detach into a new session and log to the state directory]' \
'--json[Emit stable JSON instead of human-readable output]' \
'(-v --verbose)-q[Suppress nonessential diagnostics]' \
'(-v --verbose)--quiet[Suppress nonessential diagnostics]' \
'*-v[Increase diagnostic verbosity (repeat for trace logging)]' \
'*--verbose[Increase diagnostic verbosity (repeat for trace logging)]' \
'-h[Print help]' \
'--help[Print help]' \
'-V[Print version]' \
'--version[Print version]' \
&& ret=0
;;
(stop)
_arguments "${_arguments_options[@]}" : \
'--config=[Override the global configuration file]:PATH:_files' \
'--json[Emit stable JSON instead of human-readable output]' \
'(-v --verbose)-q[Suppress nonessential diagnostics]' \
'(-v --verbose)--quiet[Suppress nonessential diagnostics]' \
'*-v[Increase diagnostic verbosity (repeat for trace logging)]' \
'*--verbose[Increase diagnostic verbosity (repeat for trace logging)]' \
'-h[Print help]' \
'--help[Print help]' \
'-V[Print version]' \
'--version[Print version]' \
&& ret=0
;;
(status)
_arguments "${_arguments_options[@]}" : \
'--config=[Override the global configuration file]:PATH:_files' \
'--json[Emit stable JSON instead of human-readable output]' \
'(-v --verbose)-q[Suppress nonessential diagnostics]' \
'(-v --verbose)--quiet[Suppress nonessential diagnostics]' \
'*-v[Increase diagnostic verbosity (repeat for trace logging)]' \
'*--verbose[Increase diagnostic verbosity (repeat for trace logging)]' \
'-h[Print help]' \
'--help[Print help]' \
'-V[Print version]' \
'--version[Print version]' \
&& ret=0
;;
(reload)
_arguments "${_arguments_options[@]}" : \
'--config=[Override the global configuration file]:PATH:_files' \
'--json[Emit stable JSON instead of human-readable output]' \
'(-v --verbose)-q[Suppress nonessential diagnostics]' \
'(-v --verbose)--quiet[Suppress nonessential diagnostics]' \
'*-v[Increase diagnostic verbosity (repeat for trace logging)]' \
'*--verbose[Increase diagnostic verbosity (repeat for trace logging)]' \
'-h[Print help]' \
'--help[Print help]' \
'-V[Print version]' \
'--version[Print version]' \
&& ret=0
;;
(logs)
_arguments "${_arguments_options[@]}" : \
'--config=[Override the global configuration file]:PATH:_files' \
'-f[Follow appended log lines]' \
'--follow[Follow appended log lines]' \
'--json[Emit stable JSON instead of human-readable output]' \
'(-v --verbose)-q[Suppress nonessential diagnostics]' \
'(-v --verbose)--quiet[Suppress nonessential diagnostics]' \
'*-v[Increase diagnostic verbosity (repeat for trace logging)]' \
'*--verbose[Increase diagnostic verbosity (repeat for trace logging)]' \
'-h[Print help]' \
'--help[Print help]' \
'-V[Print version]' \
'--version[Print version]' \
&& ret=0
;;
(help)
_arguments "${_arguments_options[@]}" : \
":: :_wormhole__subcmd__daemon__subcmd__help_commands" \
"*::: :->help" \
&& ret=0

    case $state in
    (help)
        words=($line[1] "${words[@]}")
        (( CURRENT += 1 ))
        curcontext="${curcontext%:*:*}:wormhole-daemon-help-command-$line[1]:"
        case $line[1] in
            (run)
_arguments "${_arguments_options[@]}" : \
&& ret=0
;;
(stop)
_arguments "${_arguments_options[@]}" : \
&& ret=0
;;
(status)
_arguments "${_arguments_options[@]}" : \
&& ret=0
;;
(reload)
_arguments "${_arguments_options[@]}" : \
&& ret=0
;;
(logs)
_arguments "${_arguments_options[@]}" : \
&& ret=0
;;
(help)
_arguments "${_arguments_options[@]}" : \
&& ret=0
;;
        esac
    ;;
esac
;;
        esac
    ;;
esac
;;
(completions)
_arguments "${_arguments_options[@]}" : \
'--config=[Override the global configuration file]:PATH:_files' \
'--json[Emit stable JSON instead of human-readable output]' \
'(-v --verbose)-q[Suppress nonessential diagnostics]' \
'(-v --verbose)--quiet[Suppress nonessential diagnostics]' \
'*-v[Increase diagnostic verbosity (repeat for trace logging)]' \
'*--verbose[Increase diagnostic verbosity (repeat for trace logging)]' \
'-h[Print help]' \
'--help[Print help]' \
'-V[Print version]' \
'--version[Print version]' \
':shell:(bash fish zsh)' \
&& ret=0
;;
(share)
_arguments "${_arguments_options[@]}" : \
'--expires=[Share-link lifetime]:EXPIRES:_default' \
'--path=[Landing path for the host-wide grant]:PATH:_default' \
'--config=[Override the global configuration file]:PATH:_files' \
'--json[Emit stable JSON instead of human-readable output]' \
'(-v --verbose)-q[Suppress nonessential diagnostics]' \
'(-v --verbose)--quiet[Suppress nonessential diagnostics]' \
'*-v[Increase diagnostic verbosity (repeat for trace logging)]' \
'*--verbose[Increase diagnostic verbosity (repeat for trace logging)]' \
'-h[Print help]' \
'--help[Print help]' \
'-V[Print version]' \
'--version[Print version]' \
':target -- Service name, project\:service identity, or endpoint identifier:_default' \
&& ret=0
;;
(help)
_arguments "${_arguments_options[@]}" : \
":: :_wormhole__subcmd__help_commands" \
"*::: :->help" \
&& ret=0

    case $state in
    (help)
        words=($line[1] "${words[@]}")
        (( CURRENT += 1 ))
        curcontext="${curcontext%:*:*}:wormhole-help-command-$line[1]:"
        case $line[1] in
            (http)
_arguments "${_arguments_options[@]}" : \
&& ret=0
;;
(tcp)
_arguments "${_arguments_options[@]}" : \
&& ret=0
;;
(run)
_arguments "${_arguments_options[@]}" : \
&& ret=0
;;
(up)
_arguments "${_arguments_options[@]}" : \
&& ret=0
;;
(down)
_arguments "${_arguments_options[@]}" : \
&& ret=0
;;
(ls)
_arguments "${_arguments_options[@]}" : \
&& ret=0
;;
(status)
_arguments "${_arguments_options[@]}" : \
&& ret=0
;;
(inspect)
_arguments "${_arguments_options[@]}" : \
&& ret=0
;;
(requests)
_arguments "${_arguments_options[@]}" : \
":: :_wormhole__subcmd__help__subcmd__requests_commands" \
"*::: :->requests" \
&& ret=0

    case $state in
    (requests)
        words=($line[1] "${words[@]}")
        (( CURRENT += 1 ))
        curcontext="${curcontext%:*:*}:wormhole-help-requests-command-$line[1]:"
        case $line[1] in
            (clear)
_arguments "${_arguments_options[@]}" : \
&& ret=0
;;
        esac
    ;;
esac
;;
(replay)
_arguments "${_arguments_options[@]}" : \
&& ret=0
;;
(interfaces)
_arguments "${_arguments_options[@]}" : \
&& ret=0
;;
(domains)
_arguments "${_arguments_options[@]}" : \
&& ret=0
;;
(relay)
_arguments "${_arguments_options[@]}" : \
":: :_wormhole__subcmd__help__subcmd__relay_commands" \
"*::: :->relay" \
&& ret=0

    case $state in
    (relay)
        words=($line[1] "${words[@]}")
        (( CURRENT += 1 ))
        curcontext="${curcontext%:*:*}:wormhole-help-relay-command-$line[1]:"
        case $line[1] in
            (deploy)
_arguments "${_arguments_options[@]}" : \
":: :_wormhole__subcmd__help__subcmd__relay__subcmd__deploy_commands" \
"*::: :->deploy" \
&& ret=0

    case $state in
    (deploy)
        words=($line[1] "${words[@]}")
        (( CURRENT += 1 ))
        curcontext="${curcontext%:*:*}:wormhole-help-relay-deploy-command-$line[1]:"
        case $line[1] in
            (cloudflare)
_arguments "${_arguments_options[@]}" : \
&& ret=0
;;
        esac
    ;;
esac
;;
        esac
    ;;
esac
;;
(remote)
_arguments "${_arguments_options[@]}" : \
":: :_wormhole__subcmd__help__subcmd__remote_commands" \
"*::: :->remote" \
&& ret=0

    case $state in
    (remote)
        words=($line[1] "${words[@]}")
        (( CURRENT += 1 ))
        curcontext="${curcontext%:*:*}:wormhole-help-remote-command-$line[1]:"
        case $line[1] in
            (add)
_arguments "${_arguments_options[@]}" : \
&& ret=0
;;
(ls)
_arguments "${_arguments_options[@]}" : \
&& ret=0
;;
(rm)
_arguments "${_arguments_options[@]}" : \
&& ret=0
;;
(test)
_arguments "${_arguments_options[@]}" : \
&& ret=0
;;
        esac
    ;;
esac
;;
(key)
_arguments "${_arguments_options[@]}" : \
":: :_wormhole__subcmd__help__subcmd__key_commands" \
"*::: :->key" \
&& ret=0

    case $state in
    (key)
        words=($line[1] "${words[@]}")
        (( CURRENT += 1 ))
        curcontext="${curcontext%:*:*}:wormhole-help-key-command-$line[1]:"
        case $line[1] in
            (show)
_arguments "${_arguments_options[@]}" : \
&& ret=0
;;
(rotate)
_arguments "${_arguments_options[@]}" : \
&& ret=0
;;
        esac
    ;;
esac
;;
(doctor)
_arguments "${_arguments_options[@]}" : \
&& ret=0
;;
(local)
_arguments "${_arguments_options[@]}" : \
":: :_wormhole__subcmd__help__subcmd__local_commands" \
"*::: :->local" \
&& ret=0

    case $state in
    (local)
        words=($line[1] "${words[@]}")
        (( CURRENT += 1 ))
        curcontext="${curcontext%:*:*}:wormhole-help-local-command-$line[1]:"
        case $line[1] in
            (trust)
_arguments "${_arguments_options[@]}" : \
&& ret=0
;;
(untrust)
_arguments "${_arguments_options[@]}" : \
&& ret=0
;;
(hosts)
_arguments "${_arguments_options[@]}" : \
":: :_wormhole__subcmd__help__subcmd__local__subcmd__hosts_commands" \
"*::: :->hosts" \
&& ret=0

    case $state in
    (hosts)
        words=($line[1] "${words[@]}")
        (( CURRENT += 1 ))
        curcontext="${curcontext%:*:*}:wormhole-help-local-hosts-command-$line[1]:"
        case $line[1] in
            (sync)
_arguments "${_arguments_options[@]}" : \
&& ret=0
;;
(clear)
_arguments "${_arguments_options[@]}" : \
&& ret=0
;;
        esac
    ;;
esac
;;
(elevate)
_arguments "${_arguments_options[@]}" : \
&& ret=0
;;
(privileged-forward)
_arguments "${_arguments_options[@]}" : \
&& ret=0
;;
        esac
    ;;
esac
;;
(daemon)
_arguments "${_arguments_options[@]}" : \
":: :_wormhole__subcmd__help__subcmd__daemon_commands" \
"*::: :->daemon" \
&& ret=0

    case $state in
    (daemon)
        words=($line[1] "${words[@]}")
        (( CURRENT += 1 ))
        curcontext="${curcontext%:*:*}:wormhole-help-daemon-command-$line[1]:"
        case $line[1] in
            (run)
_arguments "${_arguments_options[@]}" : \
&& ret=0
;;
(stop)
_arguments "${_arguments_options[@]}" : \
&& ret=0
;;
(status)
_arguments "${_arguments_options[@]}" : \
&& ret=0
;;
(reload)
_arguments "${_arguments_options[@]}" : \
&& ret=0
;;
(logs)
_arguments "${_arguments_options[@]}" : \
&& ret=0
;;
        esac
    ;;
esac
;;
(completions)
_arguments "${_arguments_options[@]}" : \
&& ret=0
;;
(share)
_arguments "${_arguments_options[@]}" : \
&& ret=0
;;
(help)
_arguments "${_arguments_options[@]}" : \
&& ret=0
;;
        esac
    ;;
esac
;;
        esac
    ;;
esac
}

(( $+functions[_wormhole_commands] )) ||
_wormhole_commands() {
    local commands; commands=(
'http:Expose a local HTTP service' \
'tcp:Expose a local TCP service' \
'run:Run a command and expose its listening port' \
'up:Start services from wormhole.toml' \
'down:Stop project services or endpoint identifiers' \
'ls:List active endpoints' \
'status:Show daemon status' \
'inspect:Inspect one captured HTTP request' \
'requests:List or manage captured HTTP requests' \
'replay:Replay one captured request' \
'interfaces:List discovered interface aliases' \
'domains:List public domains advertised by configured Wormhole remotes' \
'relay:Deploy and manage self-hosted relay infrastructure' \
'remote:Manage named Wormhole remotes' \
'key:Manage the client identity key' \
'doctor:Run structured health checks' \
'local:Manage local hostname integration' \
'daemon:Manage the per-user daemon' \
'completions:Generate shell completions' \
'share:Create an expiring share link' \
'help:Print this message or the help of the given subcommand(s)' \
    )
    _describe -t commands 'wormhole commands' commands "$@"
}
(( $+functions[_wormhole__subcmd__completions_commands] )) ||
_wormhole__subcmd__completions_commands() {
    local commands; commands=()
    _describe -t commands 'wormhole completions commands' commands "$@"
}
(( $+functions[_wormhole__subcmd__daemon_commands] )) ||
_wormhole__subcmd__daemon_commands() {
    local commands; commands=(
'run:Run the daemon' \
'stop:Gracefully stop the daemon' \
'status:Show daemon status' \
'reload:Reload configuration without dropping live endpoints' \
'logs:Read daemon logs' \
'help:Print this message or the help of the given subcommand(s)' \
    )
    _describe -t commands 'wormhole daemon commands' commands "$@"
}
(( $+functions[_wormhole__subcmd__daemon__subcmd__help_commands] )) ||
_wormhole__subcmd__daemon__subcmd__help_commands() {
    local commands; commands=(
'run:Run the daemon' \
'stop:Gracefully stop the daemon' \
'status:Show daemon status' \
'reload:Reload configuration without dropping live endpoints' \
'logs:Read daemon logs' \
'help:Print this message or the help of the given subcommand(s)' \
    )
    _describe -t commands 'wormhole daemon help commands' commands "$@"
}
(( $+functions[_wormhole__subcmd__daemon__subcmd__help__subcmd__help_commands] )) ||
_wormhole__subcmd__daemon__subcmd__help__subcmd__help_commands() {
    local commands; commands=()
    _describe -t commands 'wormhole daemon help help commands' commands "$@"
}
(( $+functions[_wormhole__subcmd__daemon__subcmd__help__subcmd__logs_commands] )) ||
_wormhole__subcmd__daemon__subcmd__help__subcmd__logs_commands() {
    local commands; commands=()
    _describe -t commands 'wormhole daemon help logs commands' commands "$@"
}
(( $+functions[_wormhole__subcmd__daemon__subcmd__help__subcmd__reload_commands] )) ||
_wormhole__subcmd__daemon__subcmd__help__subcmd__reload_commands() {
    local commands; commands=()
    _describe -t commands 'wormhole daemon help reload commands' commands "$@"
}
(( $+functions[_wormhole__subcmd__daemon__subcmd__help__subcmd__run_commands] )) ||
_wormhole__subcmd__daemon__subcmd__help__subcmd__run_commands() {
    local commands; commands=()
    _describe -t commands 'wormhole daemon help run commands' commands "$@"
}
(( $+functions[_wormhole__subcmd__daemon__subcmd__help__subcmd__status_commands] )) ||
_wormhole__subcmd__daemon__subcmd__help__subcmd__status_commands() {
    local commands; commands=()
    _describe -t commands 'wormhole daemon help status commands' commands "$@"
}
(( $+functions[_wormhole__subcmd__daemon__subcmd__help__subcmd__stop_commands] )) ||
_wormhole__subcmd__daemon__subcmd__help__subcmd__stop_commands() {
    local commands; commands=()
    _describe -t commands 'wormhole daemon help stop commands' commands "$@"
}
(( $+functions[_wormhole__subcmd__daemon__subcmd__logs_commands] )) ||
_wormhole__subcmd__daemon__subcmd__logs_commands() {
    local commands; commands=()
    _describe -t commands 'wormhole daemon logs commands' commands "$@"
}
(( $+functions[_wormhole__subcmd__daemon__subcmd__reload_commands] )) ||
_wormhole__subcmd__daemon__subcmd__reload_commands() {
    local commands; commands=()
    _describe -t commands 'wormhole daemon reload commands' commands "$@"
}
(( $+functions[_wormhole__subcmd__daemon__subcmd__run_commands] )) ||
_wormhole__subcmd__daemon__subcmd__run_commands() {
    local commands; commands=()
    _describe -t commands 'wormhole daemon run commands' commands "$@"
}
(( $+functions[_wormhole__subcmd__daemon__subcmd__status_commands] )) ||
_wormhole__subcmd__daemon__subcmd__status_commands() {
    local commands; commands=()
    _describe -t commands 'wormhole daemon status commands' commands "$@"
}
(( $+functions[_wormhole__subcmd__daemon__subcmd__stop_commands] )) ||
_wormhole__subcmd__daemon__subcmd__stop_commands() {
    local commands; commands=()
    _describe -t commands 'wormhole daemon stop commands' commands "$@"
}
(( $+functions[_wormhole__subcmd__doctor_commands] )) ||
_wormhole__subcmd__doctor_commands() {
    local commands; commands=()
    _describe -t commands 'wormhole doctor commands' commands "$@"
}
(( $+functions[_wormhole__subcmd__domains_commands] )) ||
_wormhole__subcmd__domains_commands() {
    local commands; commands=()
    _describe -t commands 'wormhole domains commands' commands "$@"
}
(( $+functions[_wormhole__subcmd__down_commands] )) ||
_wormhole__subcmd__down_commands() {
    local commands; commands=()
    _describe -t commands 'wormhole down commands' commands "$@"
}
(( $+functions[_wormhole__subcmd__help_commands] )) ||
_wormhole__subcmd__help_commands() {
    local commands; commands=(
'http:Expose a local HTTP service' \
'tcp:Expose a local TCP service' \
'run:Run a command and expose its listening port' \
'up:Start services from wormhole.toml' \
'down:Stop project services or endpoint identifiers' \
'ls:List active endpoints' \
'status:Show daemon status' \
'inspect:Inspect one captured HTTP request' \
'requests:List or manage captured HTTP requests' \
'replay:Replay one captured request' \
'interfaces:List discovered interface aliases' \
'domains:List public domains advertised by configured Wormhole remotes' \
'relay:Deploy and manage self-hosted relay infrastructure' \
'remote:Manage named Wormhole remotes' \
'key:Manage the client identity key' \
'doctor:Run structured health checks' \
'local:Manage local hostname integration' \
'daemon:Manage the per-user daemon' \
'completions:Generate shell completions' \
'share:Create an expiring share link' \
'help:Print this message or the help of the given subcommand(s)' \
    )
    _describe -t commands 'wormhole help commands' commands "$@"
}
(( $+functions[_wormhole__subcmd__help__subcmd__completions_commands] )) ||
_wormhole__subcmd__help__subcmd__completions_commands() {
    local commands; commands=()
    _describe -t commands 'wormhole help completions commands' commands "$@"
}
(( $+functions[_wormhole__subcmd__help__subcmd__daemon_commands] )) ||
_wormhole__subcmd__help__subcmd__daemon_commands() {
    local commands; commands=(
'run:Run the daemon' \
'stop:Gracefully stop the daemon' \
'status:Show daemon status' \
'reload:Reload configuration without dropping live endpoints' \
'logs:Read daemon logs' \
    )
    _describe -t commands 'wormhole help daemon commands' commands "$@"
}
(( $+functions[_wormhole__subcmd__help__subcmd__daemon__subcmd__logs_commands] )) ||
_wormhole__subcmd__help__subcmd__daemon__subcmd__logs_commands() {
    local commands; commands=()
    _describe -t commands 'wormhole help daemon logs commands' commands "$@"
}
(( $+functions[_wormhole__subcmd__help__subcmd__daemon__subcmd__reload_commands] )) ||
_wormhole__subcmd__help__subcmd__daemon__subcmd__reload_commands() {
    local commands; commands=()
    _describe -t commands 'wormhole help daemon reload commands' commands "$@"
}
(( $+functions[_wormhole__subcmd__help__subcmd__daemon__subcmd__run_commands] )) ||
_wormhole__subcmd__help__subcmd__daemon__subcmd__run_commands() {
    local commands; commands=()
    _describe -t commands 'wormhole help daemon run commands' commands "$@"
}
(( $+functions[_wormhole__subcmd__help__subcmd__daemon__subcmd__status_commands] )) ||
_wormhole__subcmd__help__subcmd__daemon__subcmd__status_commands() {
    local commands; commands=()
    _describe -t commands 'wormhole help daemon status commands' commands "$@"
}
(( $+functions[_wormhole__subcmd__help__subcmd__daemon__subcmd__stop_commands] )) ||
_wormhole__subcmd__help__subcmd__daemon__subcmd__stop_commands() {
    local commands; commands=()
    _describe -t commands 'wormhole help daemon stop commands' commands "$@"
}
(( $+functions[_wormhole__subcmd__help__subcmd__doctor_commands] )) ||
_wormhole__subcmd__help__subcmd__doctor_commands() {
    local commands; commands=()
    _describe -t commands 'wormhole help doctor commands' commands "$@"
}
(( $+functions[_wormhole__subcmd__help__subcmd__domains_commands] )) ||
_wormhole__subcmd__help__subcmd__domains_commands() {
    local commands; commands=()
    _describe -t commands 'wormhole help domains commands' commands "$@"
}
(( $+functions[_wormhole__subcmd__help__subcmd__down_commands] )) ||
_wormhole__subcmd__help__subcmd__down_commands() {
    local commands; commands=()
    _describe -t commands 'wormhole help down commands' commands "$@"
}
(( $+functions[_wormhole__subcmd__help__subcmd__help_commands] )) ||
_wormhole__subcmd__help__subcmd__help_commands() {
    local commands; commands=()
    _describe -t commands 'wormhole help help commands' commands "$@"
}
(( $+functions[_wormhole__subcmd__help__subcmd__http_commands] )) ||
_wormhole__subcmd__help__subcmd__http_commands() {
    local commands; commands=()
    _describe -t commands 'wormhole help http commands' commands "$@"
}
(( $+functions[_wormhole__subcmd__help__subcmd__inspect_commands] )) ||
_wormhole__subcmd__help__subcmd__inspect_commands() {
    local commands; commands=()
    _describe -t commands 'wormhole help inspect commands' commands "$@"
}
(( $+functions[_wormhole__subcmd__help__subcmd__interfaces_commands] )) ||
_wormhole__subcmd__help__subcmd__interfaces_commands() {
    local commands; commands=()
    _describe -t commands 'wormhole help interfaces commands' commands "$@"
}
(( $+functions[_wormhole__subcmd__help__subcmd__key_commands] )) ||
_wormhole__subcmd__help__subcmd__key_commands() {
    local commands; commands=(
'show:Show the current public fingerprint' \
'rotate:Generate a new identity key' \
    )
    _describe -t commands 'wormhole help key commands' commands "$@"
}
(( $+functions[_wormhole__subcmd__help__subcmd__key__subcmd__rotate_commands] )) ||
_wormhole__subcmd__help__subcmd__key__subcmd__rotate_commands() {
    local commands; commands=()
    _describe -t commands 'wormhole help key rotate commands' commands "$@"
}
(( $+functions[_wormhole__subcmd__help__subcmd__key__subcmd__show_commands] )) ||
_wormhole__subcmd__help__subcmd__key__subcmd__show_commands() {
    local commands; commands=()
    _describe -t commands 'wormhole help key show commands' commands "$@"
}
(( $+functions[_wormhole__subcmd__help__subcmd__local_commands] )) ||
_wormhole__subcmd__help__subcmd__local_commands() {
    local commands; commands=(
'trust:Install the Wormhole local CA in the operating-system trust store' \
'untrust:Remove the Wormhole local CA from the operating-system trust store' \
'hosts:Manage the Wormhole block in the hosts file' \
'elevate:Install the root-owned 80/443 loopback forwarding service' \
'privileged-forward:Root-owned loopback forwarder installed by \`local elevate\`' \
    )
    _describe -t commands 'wormhole help local commands' commands "$@"
}
(( $+functions[_wormhole__subcmd__help__subcmd__local__subcmd__elevate_commands] )) ||
_wormhole__subcmd__help__subcmd__local__subcmd__elevate_commands() {
    local commands; commands=()
    _describe -t commands 'wormhole help local elevate commands' commands "$@"
}
(( $+functions[_wormhole__subcmd__help__subcmd__local__subcmd__hosts_commands] )) ||
_wormhole__subcmd__help__subcmd__local__subcmd__hosts_commands() {
    local commands; commands=(
'sync:Replace the managed hosts block with these local hostnames' \
'clear:Remove the managed hosts block' \
    )
    _describe -t commands 'wormhole help local hosts commands' commands "$@"
}
(( $+functions[_wormhole__subcmd__help__subcmd__local__subcmd__hosts__subcmd__clear_commands] )) ||
_wormhole__subcmd__help__subcmd__local__subcmd__hosts__subcmd__clear_commands() {
    local commands; commands=()
    _describe -t commands 'wormhole help local hosts clear commands' commands "$@"
}
(( $+functions[_wormhole__subcmd__help__subcmd__local__subcmd__hosts__subcmd__sync_commands] )) ||
_wormhole__subcmd__help__subcmd__local__subcmd__hosts__subcmd__sync_commands() {
    local commands; commands=()
    _describe -t commands 'wormhole help local hosts sync commands' commands "$@"
}
(( $+functions[_wormhole__subcmd__help__subcmd__local__subcmd__privileged-forward_commands] )) ||
_wormhole__subcmd__help__subcmd__local__subcmd__privileged-forward_commands() {
    local commands; commands=()
    _describe -t commands 'wormhole help local privileged-forward commands' commands "$@"
}
(( $+functions[_wormhole__subcmd__help__subcmd__local__subcmd__trust_commands] )) ||
_wormhole__subcmd__help__subcmd__local__subcmd__trust_commands() {
    local commands; commands=()
    _describe -t commands 'wormhole help local trust commands' commands "$@"
}
(( $+functions[_wormhole__subcmd__help__subcmd__local__subcmd__untrust_commands] )) ||
_wormhole__subcmd__help__subcmd__local__subcmd__untrust_commands() {
    local commands; commands=()
    _describe -t commands 'wormhole help local untrust commands' commands "$@"
}
(( $+functions[_wormhole__subcmd__help__subcmd__ls_commands] )) ||
_wormhole__subcmd__help__subcmd__ls_commands() {
    local commands; commands=()
    _describe -t commands 'wormhole help ls commands' commands "$@"
}
(( $+functions[_wormhole__subcmd__help__subcmd__relay_commands] )) ||
_wormhole__subcmd__help__subcmd__relay_commands() {
    local commands; commands=(
'deploy:Deploy relay infrastructure' \
    )
    _describe -t commands 'wormhole help relay commands' commands "$@"
}
(( $+functions[_wormhole__subcmd__help__subcmd__relay__subcmd__deploy_commands] )) ||
_wormhole__subcmd__help__subcmd__relay__subcmd__deploy_commands() {
    local commands; commands=(
'cloudflare:Deploy the HTTP/WebSocket relay to Cloudflare Workers' \
    )
    _describe -t commands 'wormhole help relay deploy commands' commands "$@"
}
(( $+functions[_wormhole__subcmd__help__subcmd__relay__subcmd__deploy__subcmd__cloudflare_commands] )) ||
_wormhole__subcmd__help__subcmd__relay__subcmd__deploy__subcmd__cloudflare_commands() {
    local commands; commands=()
    _describe -t commands 'wormhole help relay deploy cloudflare commands' commands "$@"
}
(( $+functions[_wormhole__subcmd__help__subcmd__remote_commands] )) ||
_wormhole__subcmd__help__subcmd__remote_commands() {
    local commands; commands=(
'add:Add or replace a named remote' \
'ls:List configured remotes' \
'rm:Remove a named remote' \
'test:Dial and authenticate to a named remote' \
    )
    _describe -t commands 'wormhole help remote commands' commands "$@"
}
(( $+functions[_wormhole__subcmd__help__subcmd__remote__subcmd__add_commands] )) ||
_wormhole__subcmd__help__subcmd__remote__subcmd__add_commands() {
    local commands; commands=()
    _describe -t commands 'wormhole help remote add commands' commands "$@"
}
(( $+functions[_wormhole__subcmd__help__subcmd__remote__subcmd__ls_commands] )) ||
_wormhole__subcmd__help__subcmd__remote__subcmd__ls_commands() {
    local commands; commands=()
    _describe -t commands 'wormhole help remote ls commands' commands "$@"
}
(( $+functions[_wormhole__subcmd__help__subcmd__remote__subcmd__rm_commands] )) ||
_wormhole__subcmd__help__subcmd__remote__subcmd__rm_commands() {
    local commands; commands=()
    _describe -t commands 'wormhole help remote rm commands' commands "$@"
}
(( $+functions[_wormhole__subcmd__help__subcmd__remote__subcmd__test_commands] )) ||
_wormhole__subcmd__help__subcmd__remote__subcmd__test_commands() {
    local commands; commands=()
    _describe -t commands 'wormhole help remote test commands' commands "$@"
}
(( $+functions[_wormhole__subcmd__help__subcmd__replay_commands] )) ||
_wormhole__subcmd__help__subcmd__replay_commands() {
    local commands; commands=()
    _describe -t commands 'wormhole help replay commands' commands "$@"
}
(( $+functions[_wormhole__subcmd__help__subcmd__requests_commands] )) ||
_wormhole__subcmd__help__subcmd__requests_commands() {
    local commands; commands=(
'clear:Delete all in-memory request captures' \
    )
    _describe -t commands 'wormhole help requests commands' commands "$@"
}
(( $+functions[_wormhole__subcmd__help__subcmd__requests__subcmd__clear_commands] )) ||
_wormhole__subcmd__help__subcmd__requests__subcmd__clear_commands() {
    local commands; commands=()
    _describe -t commands 'wormhole help requests clear commands' commands "$@"
}
(( $+functions[_wormhole__subcmd__help__subcmd__run_commands] )) ||
_wormhole__subcmd__help__subcmd__run_commands() {
    local commands; commands=()
    _describe -t commands 'wormhole help run commands' commands "$@"
}
(( $+functions[_wormhole__subcmd__help__subcmd__share_commands] )) ||
_wormhole__subcmd__help__subcmd__share_commands() {
    local commands; commands=()
    _describe -t commands 'wormhole help share commands' commands "$@"
}
(( $+functions[_wormhole__subcmd__help__subcmd__status_commands] )) ||
_wormhole__subcmd__help__subcmd__status_commands() {
    local commands; commands=()
    _describe -t commands 'wormhole help status commands' commands "$@"
}
(( $+functions[_wormhole__subcmd__help__subcmd__tcp_commands] )) ||
_wormhole__subcmd__help__subcmd__tcp_commands() {
    local commands; commands=()
    _describe -t commands 'wormhole help tcp commands' commands "$@"
}
(( $+functions[_wormhole__subcmd__help__subcmd__up_commands] )) ||
_wormhole__subcmd__help__subcmd__up_commands() {
    local commands; commands=()
    _describe -t commands 'wormhole help up commands' commands "$@"
}
(( $+functions[_wormhole__subcmd__http_commands] )) ||
_wormhole__subcmd__http_commands() {
    local commands; commands=()
    _describe -t commands 'wormhole http commands' commands "$@"
}
(( $+functions[_wormhole__subcmd__inspect_commands] )) ||
_wormhole__subcmd__inspect_commands() {
    local commands; commands=()
    _describe -t commands 'wormhole inspect commands' commands "$@"
}
(( $+functions[_wormhole__subcmd__interfaces_commands] )) ||
_wormhole__subcmd__interfaces_commands() {
    local commands; commands=()
    _describe -t commands 'wormhole interfaces commands' commands "$@"
}
(( $+functions[_wormhole__subcmd__key_commands] )) ||
_wormhole__subcmd__key_commands() {
    local commands; commands=(
'show:Show the current public fingerprint' \
'rotate:Generate a new identity key' \
'help:Print this message or the help of the given subcommand(s)' \
    )
    _describe -t commands 'wormhole key commands' commands "$@"
}
(( $+functions[_wormhole__subcmd__key__subcmd__help_commands] )) ||
_wormhole__subcmd__key__subcmd__help_commands() {
    local commands; commands=(
'show:Show the current public fingerprint' \
'rotate:Generate a new identity key' \
'help:Print this message or the help of the given subcommand(s)' \
    )
    _describe -t commands 'wormhole key help commands' commands "$@"
}
(( $+functions[_wormhole__subcmd__key__subcmd__help__subcmd__help_commands] )) ||
_wormhole__subcmd__key__subcmd__help__subcmd__help_commands() {
    local commands; commands=()
    _describe -t commands 'wormhole key help help commands' commands "$@"
}
(( $+functions[_wormhole__subcmd__key__subcmd__help__subcmd__rotate_commands] )) ||
_wormhole__subcmd__key__subcmd__help__subcmd__rotate_commands() {
    local commands; commands=()
    _describe -t commands 'wormhole key help rotate commands' commands "$@"
}
(( $+functions[_wormhole__subcmd__key__subcmd__help__subcmd__show_commands] )) ||
_wormhole__subcmd__key__subcmd__help__subcmd__show_commands() {
    local commands; commands=()
    _describe -t commands 'wormhole key help show commands' commands "$@"
}
(( $+functions[_wormhole__subcmd__key__subcmd__rotate_commands] )) ||
_wormhole__subcmd__key__subcmd__rotate_commands() {
    local commands; commands=()
    _describe -t commands 'wormhole key rotate commands' commands "$@"
}
(( $+functions[_wormhole__subcmd__key__subcmd__show_commands] )) ||
_wormhole__subcmd__key__subcmd__show_commands() {
    local commands; commands=()
    _describe -t commands 'wormhole key show commands' commands "$@"
}
(( $+functions[_wormhole__subcmd__local_commands] )) ||
_wormhole__subcmd__local_commands() {
    local commands; commands=(
'trust:Install the Wormhole local CA in the operating-system trust store' \
'untrust:Remove the Wormhole local CA from the operating-system trust store' \
'hosts:Manage the Wormhole block in the hosts file' \
'elevate:Install the root-owned 80/443 loopback forwarding service' \
'privileged-forward:Root-owned loopback forwarder installed by \`local elevate\`' \
'help:Print this message or the help of the given subcommand(s)' \
    )
    _describe -t commands 'wormhole local commands' commands "$@"
}
(( $+functions[_wormhole__subcmd__local__subcmd__elevate_commands] )) ||
_wormhole__subcmd__local__subcmd__elevate_commands() {
    local commands; commands=()
    _describe -t commands 'wormhole local elevate commands' commands "$@"
}
(( $+functions[_wormhole__subcmd__local__subcmd__help_commands] )) ||
_wormhole__subcmd__local__subcmd__help_commands() {
    local commands; commands=(
'trust:Install the Wormhole local CA in the operating-system trust store' \
'untrust:Remove the Wormhole local CA from the operating-system trust store' \
'hosts:Manage the Wormhole block in the hosts file' \
'elevate:Install the root-owned 80/443 loopback forwarding service' \
'privileged-forward:Root-owned loopback forwarder installed by \`local elevate\`' \
'help:Print this message or the help of the given subcommand(s)' \
    )
    _describe -t commands 'wormhole local help commands' commands "$@"
}
(( $+functions[_wormhole__subcmd__local__subcmd__help__subcmd__elevate_commands] )) ||
_wormhole__subcmd__local__subcmd__help__subcmd__elevate_commands() {
    local commands; commands=()
    _describe -t commands 'wormhole local help elevate commands' commands "$@"
}
(( $+functions[_wormhole__subcmd__local__subcmd__help__subcmd__help_commands] )) ||
_wormhole__subcmd__local__subcmd__help__subcmd__help_commands() {
    local commands; commands=()
    _describe -t commands 'wormhole local help help commands' commands "$@"
}
(( $+functions[_wormhole__subcmd__local__subcmd__help__subcmd__hosts_commands] )) ||
_wormhole__subcmd__local__subcmd__help__subcmd__hosts_commands() {
    local commands; commands=(
'sync:Replace the managed hosts block with these local hostnames' \
'clear:Remove the managed hosts block' \
    )
    _describe -t commands 'wormhole local help hosts commands' commands "$@"
}
(( $+functions[_wormhole__subcmd__local__subcmd__help__subcmd__hosts__subcmd__clear_commands] )) ||
_wormhole__subcmd__local__subcmd__help__subcmd__hosts__subcmd__clear_commands() {
    local commands; commands=()
    _describe -t commands 'wormhole local help hosts clear commands' commands "$@"
}
(( $+functions[_wormhole__subcmd__local__subcmd__help__subcmd__hosts__subcmd__sync_commands] )) ||
_wormhole__subcmd__local__subcmd__help__subcmd__hosts__subcmd__sync_commands() {
    local commands; commands=()
    _describe -t commands 'wormhole local help hosts sync commands' commands "$@"
}
(( $+functions[_wormhole__subcmd__local__subcmd__help__subcmd__privileged-forward_commands] )) ||
_wormhole__subcmd__local__subcmd__help__subcmd__privileged-forward_commands() {
    local commands; commands=()
    _describe -t commands 'wormhole local help privileged-forward commands' commands "$@"
}
(( $+functions[_wormhole__subcmd__local__subcmd__help__subcmd__trust_commands] )) ||
_wormhole__subcmd__local__subcmd__help__subcmd__trust_commands() {
    local commands; commands=()
    _describe -t commands 'wormhole local help trust commands' commands "$@"
}
(( $+functions[_wormhole__subcmd__local__subcmd__help__subcmd__untrust_commands] )) ||
_wormhole__subcmd__local__subcmd__help__subcmd__untrust_commands() {
    local commands; commands=()
    _describe -t commands 'wormhole local help untrust commands' commands "$@"
}
(( $+functions[_wormhole__subcmd__local__subcmd__hosts_commands] )) ||
_wormhole__subcmd__local__subcmd__hosts_commands() {
    local commands; commands=(
'sync:Replace the managed hosts block with these local hostnames' \
'clear:Remove the managed hosts block' \
'help:Print this message or the help of the given subcommand(s)' \
    )
    _describe -t commands 'wormhole local hosts commands' commands "$@"
}
(( $+functions[_wormhole__subcmd__local__subcmd__hosts__subcmd__clear_commands] )) ||
_wormhole__subcmd__local__subcmd__hosts__subcmd__clear_commands() {
    local commands; commands=()
    _describe -t commands 'wormhole local hosts clear commands' commands "$@"
}
(( $+functions[_wormhole__subcmd__local__subcmd__hosts__subcmd__help_commands] )) ||
_wormhole__subcmd__local__subcmd__hosts__subcmd__help_commands() {
    local commands; commands=(
'sync:Replace the managed hosts block with these local hostnames' \
'clear:Remove the managed hosts block' \
'help:Print this message or the help of the given subcommand(s)' \
    )
    _describe -t commands 'wormhole local hosts help commands' commands "$@"
}
(( $+functions[_wormhole__subcmd__local__subcmd__hosts__subcmd__help__subcmd__clear_commands] )) ||
_wormhole__subcmd__local__subcmd__hosts__subcmd__help__subcmd__clear_commands() {
    local commands; commands=()
    _describe -t commands 'wormhole local hosts help clear commands' commands "$@"
}
(( $+functions[_wormhole__subcmd__local__subcmd__hosts__subcmd__help__subcmd__help_commands] )) ||
_wormhole__subcmd__local__subcmd__hosts__subcmd__help__subcmd__help_commands() {
    local commands; commands=()
    _describe -t commands 'wormhole local hosts help help commands' commands "$@"
}
(( $+functions[_wormhole__subcmd__local__subcmd__hosts__subcmd__help__subcmd__sync_commands] )) ||
_wormhole__subcmd__local__subcmd__hosts__subcmd__help__subcmd__sync_commands() {
    local commands; commands=()
    _describe -t commands 'wormhole local hosts help sync commands' commands "$@"
}
(( $+functions[_wormhole__subcmd__local__subcmd__hosts__subcmd__sync_commands] )) ||
_wormhole__subcmd__local__subcmd__hosts__subcmd__sync_commands() {
    local commands; commands=()
    _describe -t commands 'wormhole local hosts sync commands' commands "$@"
}
(( $+functions[_wormhole__subcmd__local__subcmd__privileged-forward_commands] )) ||
_wormhole__subcmd__local__subcmd__privileged-forward_commands() {
    local commands; commands=()
    _describe -t commands 'wormhole local privileged-forward commands' commands "$@"
}
(( $+functions[_wormhole__subcmd__local__subcmd__trust_commands] )) ||
_wormhole__subcmd__local__subcmd__trust_commands() {
    local commands; commands=()
    _describe -t commands 'wormhole local trust commands' commands "$@"
}
(( $+functions[_wormhole__subcmd__local__subcmd__untrust_commands] )) ||
_wormhole__subcmd__local__subcmd__untrust_commands() {
    local commands; commands=()
    _describe -t commands 'wormhole local untrust commands' commands "$@"
}
(( $+functions[_wormhole__subcmd__ls_commands] )) ||
_wormhole__subcmd__ls_commands() {
    local commands; commands=()
    _describe -t commands 'wormhole ls commands' commands "$@"
}
(( $+functions[_wormhole__subcmd__relay_commands] )) ||
_wormhole__subcmd__relay_commands() {
    local commands; commands=(
'deploy:Deploy relay infrastructure' \
'help:Print this message or the help of the given subcommand(s)' \
    )
    _describe -t commands 'wormhole relay commands' commands "$@"
}
(( $+functions[_wormhole__subcmd__relay__subcmd__deploy_commands] )) ||
_wormhole__subcmd__relay__subcmd__deploy_commands() {
    local commands; commands=(
'cloudflare:Deploy the HTTP/WebSocket relay to Cloudflare Workers' \
'help:Print this message or the help of the given subcommand(s)' \
    )
    _describe -t commands 'wormhole relay deploy commands' commands "$@"
}
(( $+functions[_wormhole__subcmd__relay__subcmd__deploy__subcmd__cloudflare_commands] )) ||
_wormhole__subcmd__relay__subcmd__deploy__subcmd__cloudflare_commands() {
    local commands; commands=()
    _describe -t commands 'wormhole relay deploy cloudflare commands' commands "$@"
}
(( $+functions[_wormhole__subcmd__relay__subcmd__deploy__subcmd__help_commands] )) ||
_wormhole__subcmd__relay__subcmd__deploy__subcmd__help_commands() {
    local commands; commands=(
'cloudflare:Deploy the HTTP/WebSocket relay to Cloudflare Workers' \
'help:Print this message or the help of the given subcommand(s)' \
    )
    _describe -t commands 'wormhole relay deploy help commands' commands "$@"
}
(( $+functions[_wormhole__subcmd__relay__subcmd__deploy__subcmd__help__subcmd__cloudflare_commands] )) ||
_wormhole__subcmd__relay__subcmd__deploy__subcmd__help__subcmd__cloudflare_commands() {
    local commands; commands=()
    _describe -t commands 'wormhole relay deploy help cloudflare commands' commands "$@"
}
(( $+functions[_wormhole__subcmd__relay__subcmd__deploy__subcmd__help__subcmd__help_commands] )) ||
_wormhole__subcmd__relay__subcmd__deploy__subcmd__help__subcmd__help_commands() {
    local commands; commands=()
    _describe -t commands 'wormhole relay deploy help help commands' commands "$@"
}
(( $+functions[_wormhole__subcmd__relay__subcmd__help_commands] )) ||
_wormhole__subcmd__relay__subcmd__help_commands() {
    local commands; commands=(
'deploy:Deploy relay infrastructure' \
'help:Print this message or the help of the given subcommand(s)' \
    )
    _describe -t commands 'wormhole relay help commands' commands "$@"
}
(( $+functions[_wormhole__subcmd__relay__subcmd__help__subcmd__deploy_commands] )) ||
_wormhole__subcmd__relay__subcmd__help__subcmd__deploy_commands() {
    local commands; commands=(
'cloudflare:Deploy the HTTP/WebSocket relay to Cloudflare Workers' \
    )
    _describe -t commands 'wormhole relay help deploy commands' commands "$@"
}
(( $+functions[_wormhole__subcmd__relay__subcmd__help__subcmd__deploy__subcmd__cloudflare_commands] )) ||
_wormhole__subcmd__relay__subcmd__help__subcmd__deploy__subcmd__cloudflare_commands() {
    local commands; commands=()
    _describe -t commands 'wormhole relay help deploy cloudflare commands' commands "$@"
}
(( $+functions[_wormhole__subcmd__relay__subcmd__help__subcmd__help_commands] )) ||
_wormhole__subcmd__relay__subcmd__help__subcmd__help_commands() {
    local commands; commands=()
    _describe -t commands 'wormhole relay help help commands' commands "$@"
}
(( $+functions[_wormhole__subcmd__remote_commands] )) ||
_wormhole__subcmd__remote_commands() {
    local commands; commands=(
'add:Add or replace a named remote' \
'ls:List configured remotes' \
'rm:Remove a named remote' \
'test:Dial and authenticate to a named remote' \
'help:Print this message or the help of the given subcommand(s)' \
    )
    _describe -t commands 'wormhole remote commands' commands "$@"
}
(( $+functions[_wormhole__subcmd__remote__subcmd__add_commands] )) ||
_wormhole__subcmd__remote__subcmd__add_commands() {
    local commands; commands=()
    _describe -t commands 'wormhole remote add commands' commands "$@"
}
(( $+functions[_wormhole__subcmd__remote__subcmd__help_commands] )) ||
_wormhole__subcmd__remote__subcmd__help_commands() {
    local commands; commands=(
'add:Add or replace a named remote' \
'ls:List configured remotes' \
'rm:Remove a named remote' \
'test:Dial and authenticate to a named remote' \
'help:Print this message or the help of the given subcommand(s)' \
    )
    _describe -t commands 'wormhole remote help commands' commands "$@"
}
(( $+functions[_wormhole__subcmd__remote__subcmd__help__subcmd__add_commands] )) ||
_wormhole__subcmd__remote__subcmd__help__subcmd__add_commands() {
    local commands; commands=()
    _describe -t commands 'wormhole remote help add commands' commands "$@"
}
(( $+functions[_wormhole__subcmd__remote__subcmd__help__subcmd__help_commands] )) ||
_wormhole__subcmd__remote__subcmd__help__subcmd__help_commands() {
    local commands; commands=()
    _describe -t commands 'wormhole remote help help commands' commands "$@"
}
(( $+functions[_wormhole__subcmd__remote__subcmd__help__subcmd__ls_commands] )) ||
_wormhole__subcmd__remote__subcmd__help__subcmd__ls_commands() {
    local commands; commands=()
    _describe -t commands 'wormhole remote help ls commands' commands "$@"
}
(( $+functions[_wormhole__subcmd__remote__subcmd__help__subcmd__rm_commands] )) ||
_wormhole__subcmd__remote__subcmd__help__subcmd__rm_commands() {
    local commands; commands=()
    _describe -t commands 'wormhole remote help rm commands' commands "$@"
}
(( $+functions[_wormhole__subcmd__remote__subcmd__help__subcmd__test_commands] )) ||
_wormhole__subcmd__remote__subcmd__help__subcmd__test_commands() {
    local commands; commands=()
    _describe -t commands 'wormhole remote help test commands' commands "$@"
}
(( $+functions[_wormhole__subcmd__remote__subcmd__ls_commands] )) ||
_wormhole__subcmd__remote__subcmd__ls_commands() {
    local commands; commands=()
    _describe -t commands 'wormhole remote ls commands' commands "$@"
}
(( $+functions[_wormhole__subcmd__remote__subcmd__rm_commands] )) ||
_wormhole__subcmd__remote__subcmd__rm_commands() {
    local commands; commands=()
    _describe -t commands 'wormhole remote rm commands' commands "$@"
}
(( $+functions[_wormhole__subcmd__remote__subcmd__test_commands] )) ||
_wormhole__subcmd__remote__subcmd__test_commands() {
    local commands; commands=()
    _describe -t commands 'wormhole remote test commands' commands "$@"
}
(( $+functions[_wormhole__subcmd__replay_commands] )) ||
_wormhole__subcmd__replay_commands() {
    local commands; commands=()
    _describe -t commands 'wormhole replay commands' commands "$@"
}
(( $+functions[_wormhole__subcmd__requests_commands] )) ||
_wormhole__subcmd__requests_commands() {
    local commands; commands=(
'clear:Delete all in-memory request captures' \
'help:Print this message or the help of the given subcommand(s)' \
    )
    _describe -t commands 'wormhole requests commands' commands "$@"
}
(( $+functions[_wormhole__subcmd__requests__subcmd__clear_commands] )) ||
_wormhole__subcmd__requests__subcmd__clear_commands() {
    local commands; commands=()
    _describe -t commands 'wormhole requests clear commands' commands "$@"
}
(( $+functions[_wormhole__subcmd__requests__subcmd__help_commands] )) ||
_wormhole__subcmd__requests__subcmd__help_commands() {
    local commands; commands=(
'clear:Delete all in-memory request captures' \
'help:Print this message or the help of the given subcommand(s)' \
    )
    _describe -t commands 'wormhole requests help commands' commands "$@"
}
(( $+functions[_wormhole__subcmd__requests__subcmd__help__subcmd__clear_commands] )) ||
_wormhole__subcmd__requests__subcmd__help__subcmd__clear_commands() {
    local commands; commands=()
    _describe -t commands 'wormhole requests help clear commands' commands "$@"
}
(( $+functions[_wormhole__subcmd__requests__subcmd__help__subcmd__help_commands] )) ||
_wormhole__subcmd__requests__subcmd__help__subcmd__help_commands() {
    local commands; commands=()
    _describe -t commands 'wormhole requests help help commands' commands "$@"
}
(( $+functions[_wormhole__subcmd__run_commands] )) ||
_wormhole__subcmd__run_commands() {
    local commands; commands=()
    _describe -t commands 'wormhole run commands' commands "$@"
}
(( $+functions[_wormhole__subcmd__share_commands] )) ||
_wormhole__subcmd__share_commands() {
    local commands; commands=()
    _describe -t commands 'wormhole share commands' commands "$@"
}
(( $+functions[_wormhole__subcmd__status_commands] )) ||
_wormhole__subcmd__status_commands() {
    local commands; commands=()
    _describe -t commands 'wormhole status commands' commands "$@"
}
(( $+functions[_wormhole__subcmd__tcp_commands] )) ||
_wormhole__subcmd__tcp_commands() {
    local commands; commands=()
    _describe -t commands 'wormhole tcp commands' commands "$@"
}
(( $+functions[_wormhole__subcmd__up_commands] )) ||
_wormhole__subcmd__up_commands() {
    local commands; commands=()
    _describe -t commands 'wormhole up commands' commands "$@"
}

if [ "$funcstack[1]" = "_wormhole" ]; then
    _wormhole "$@"
else
    compdef _wormhole wormhole
fi
